python : Creating test 
database for alias 
'default'...
En línea: 1 Carácter: 
13
+ cd backend; python 
manage.py test apps.exp
edientes.tests.test_com
mand ...
+             ~~~~~~~~~
~~~~~~~~~~~~~~~~~~~~~~~
~~~~~~~~~~~~~~~~~~~~~~~
~~
    + CategoryInfo     
         : NotSpecifi  
  ed: (Creating test   
  d...as 'default'.    
..:String) [], Rem    
oteException
    + FullyQualifiedEr 
   rorId : NativeComm  
  andError
 

ERROR 2026-03-20 
13:00:05,438 log 
Internal Server Error: 
/api/expedientes/155e7d
cb-833b-4748-ae31-6e53f
01d4cc8/register-oc/
Traceback (most recent 
call last):
  File "C:\Users\ale13\
AppData\Local\Python\py
thoncore-3.14-64\Lib\si
te-packages\django_redi
s\cache.py", line 29, 
in _decorator
    return 
method(self, *args, 
**kwargs)
  File "C:\Users\ale13\
AppData\Local\Python\py
thoncore-3.14-64\Lib\si
te-packages\django_redi
s\cache.py", line 99, 
in _get
    return 
self.client.get(key, 
default=default, 
version=version, 
client=client)
           ~~~~~~~~~~~~
~~~^^^^^^^^^^^^^^^^^^^^
^^^^^^^^^^^^^^^^^^^^^^^
^^^^^^^^^^^
  File "C:\Users\ale13\
AppData\Local\Python\py
thoncore-3.14-64\Lib\si
te-packages\django_redi
s\client\default.py", 
line 300, in get
    raise ConnectionInt
errupted(connection=cli
ent) from e
django_redis.exceptions
.ConnectionInterrupted:
 Redis 
ConnectionError: Error 
11001 connecting to 
redis:6379. 
getaddrinfo failed.

During handling of the 
above exception, 
another exception 
occurred:

Traceback (most recent 
call last):
  File "C:\Users\ale13\
AppData\Local\Python\py
thoncore-3.14-64\Lib\si
te-packages\django\core
\handlers\exception.py"
, line 55, in inner
    response = 
get_response(request)
  File "C:\Users\ale13\
AppData\Local\Python\py
thoncore-3.14-64\Lib\si
te-packages\django\core
\handlers\base.py", 
line 197, in 
_get_response
    response = wrapped_
callback(request, 
*callback_args, 
**callback_kwargs)
  File "C:\Users\ale13\
AppData\Local\Python\py
thoncore-3.14-64\Lib\si
te-packages\django\view
s\decorators\csrf.py", 
line 65, in 
_view_wrapper
    return 
view_func(request, 
*args, **kwargs)
  File "C:\Users\ale13\
AppData\Local\Python\py
thoncore-3.14-64\Lib\si
te-packages\django\view
s\generic\base.py", 
line 105, in view
    return 
self.dispatch(request, 
*args, **kwargs)
           ~~~~~~~~~~~~
~^^^^^^^^^^^^^^^^^^^^^^
^^^^
  File "C:\Users\ale13\
AppData\Local\Python\py
thoncore-3.14-64\Lib\si
te-packages\rest_framew
ork\views.py", line 
515, in dispatch
    response = self.han
dle_exception(exc)
  File "C:\Users\ale13\
AppData\Local\Python\py
thoncore-3.14-64\Lib\si
te-packages\rest_framew
ork\views.py", line 
475, in 
handle_exception
    self.raise_uncaught
_exception(exc)
    ~~~~~~~~~~~~~~~~~~~
~~~~~~~~~~^^^^^
  File "C:\Users\ale13\
AppData\Local\Python\py
thoncore-3.14-64\Lib\si
te-packages\rest_framew
ork\views.py", line 
486, in raise_uncaught_
exception
    raise exc
  File "C:\Users\ale13\
AppData\Local\Python\py
thoncore-3.14-64\Lib\si
te-packages\rest_framew
ork\views.py", line 
503, in dispatch
    
self.initial(request, 
*args, **kwargs)
    ~~~~~~~~~~~~^^^^^^^
^^^^^^^^^^^^^^^^^^^
  File "C:\Users\ale13\
AppData\Local\Python\py
thoncore-3.14-64\Lib\si
te-packages\rest_framew
ork\views.py", line 
422, in initial
    self.check_throttle
s(request)
    ~~~~~~~~~~~~~~~~~~~
~^^^^^^^^^
  File "C:\Users\ale13\
AppData\Local\Python\py
thoncore-3.14-64\Lib\si
te-packages\rest_framew
ork\views.py", line 
365, in check_throttles
    if not throttle.all
ow_request(request, 
self):
           ~~~~~~~~~~~~
~~~~~~~~~~^^^^^^^^^^^^^
^^
  File "C:\Users\ale13\
AppData\Local\Python\py
thoncore-3.14-64\Lib\si
te-packages\rest_framew
ork\throttling.py", 
line 123, in 
allow_request
    self.history = self
.cache.get(self.key, 
[])
                   ~~~~
~~~~~~~~~~^^^^^^^^^^^^^
^
  File "C:\Users\ale13\
AppData\Local\Python\py
thoncore-3.14-64\Lib\si
te-packages\django_redi
s\cache.py", line 92, 
in get
    value = 
self._get(key, 
default, version, 
client)
  File "C:\Users\ale13\
AppData\Local\Python\py
thoncore-3.14-64\Lib\si
te-packages\django_redi
s\cache.py", line 36, 
in _decorator
    raise e.__cause__  
# noqa: B904
    ^^^^^^^^^^^^^^^^^
  File "C:\Users\ale13\
AppData\Local\Python\py
thoncore-3.14-64\Lib\si
te-packages\django_redi
s\client\default.py", 
line 298, in get
    value = 
client.get(key)
  File "C:\Users\ale13\
AppData\Local\Python\py
thoncore-3.14-64\Lib\si
te-packages\redis\comma
nds\core.py", line 
2069, in get
    return self.execute
_command("GET", name, 
keys=[name])
           ~~~~~~~~~~~~
~~~~~~~~^^^^^^^^^^^^^^^
^^^^^^^^^^^
  File "C:\Users\ale13\
AppData\Local\Python\py
thoncore-3.14-64\Lib\si
te-packages\redis\clien
t.py", line 716, in 
execute_command
    return self._execut
e_command(*args, 
**options)
           ~~~~~~~~~~~~
~~~~~~~~~^^^^^^^^^^^^^^
^^^^
  File "C:\Users\ale13\
AppData\Local\Python\py
thoncore-3.14-64\Lib\si
te-packages\redis\clien
t.py", line 722, in 
_execute_command
    conn = 
self.connection or 
pool.get_connection()
                       
       
~~~~~~~~~~~~~~~~~~~^^
  File "C:\Users\ale13\
AppData\Local\Python\py
thoncore-3.14-64\Lib\si
te-packages\redis\utils
.py", line 236, in 
wrapper
    return func(*args, 
**kwargs)
  File "C:\Users\ale13\
AppData\Local\Python\py
thoncore-3.14-64\Lib\si
te-packages\redis\conne
ction.py", line 2958, 
in get_connection
    
connection.connect()
    
~~~~~~~~~~~~~~~~~~^^
  File "C:\Users\ale13\
AppData\Local\Python\py
thoncore-3.14-64\Lib\si
te-packages\redis\conne
ction.py", line 976, 
in connect
    self.retry.call_wit
h_retry(
    ~~~~~~~~~~~~~~~~~~~
~~~~~~~^
        lambda: self.co
nnect_check_health(
        ^^^^^^^^^^^^^^^
^^^^^^^^^^^^^^^^^^^
    ...<2 lines>...
        lambda error: 
self.disconnect(error),
        ^^^^^^^^^^^^^^^
^^^^^^^^^^^^^^^^^^^^^^
    )
    ^
  File "C:\Users\ale13\
AppData\Local\Python\py
thoncore-3.14-64\Lib\si
te-packages\redis\retry
.py", line 132, in 
call_with_retry
    raise error
  File "C:\Users\ale13\
AppData\Local\Python\py
thoncore-3.14-64\Lib\si
te-packages\redis\retry
.py", line 120, in 
call_with_retry
    return do()
  File "C:\Users\ale13\
AppData\Local\Python\py
thoncore-3.14-64\Lib\si
te-packages\redis\conne
ction.py", line 977, 
in <lambda>
    lambda: self.connec
t_check_health(
            ~~~~~~~~~~~
~~~~~~~~~~~~~~^
        
check_health=True, retr
y_socket_connect=False
        ^^^^^^^^^^^^^^^
^^^^^^^^^^^^^^^^^^^^^^^
^^^^^^^
    ),
    ^
  File "C:\Users\ale13\
AppData\Local\Python\py
thoncore-3.14-64\Lib\si
te-packages\redis\conne
ction.py", line 1022, 
in connect_check_health
    raise e
redis.exceptions.Connec
tionError: Error 11001 
connecting to 
redis:6379. 
getaddrinfo failed.
E
=======================
=======================
=======================
=
ERROR: 
test_c2_register_oc (ap
ps.expedientes.tests.te
st_commands.CommandAPIT
ests.test_c2_register_o
c)
-----------------------
-----------------------
-----------------------
-
Traceback (most recent 
call last):
  File "C:\Users\ale13\
AppData\Local\Python\py
thoncore-3.14-64\Lib\si
te-packages\django_redi
s\cache.py", line 29, 
in _decorator
    return 
method(self, *args, 
**kwargs)
  File "C:\Users\ale13\
AppData\Local\Python\py
thoncore-3.14-64\Lib\si
te-packages\django_redi
s\cache.py", line 99, 
in _get
    return 
self.client.get(key, 
default=default, 
version=version, 
client=client)
           ~~~~~~~~~~~~
~~~^^^^^^^^^^^^^^^^^^^^
^^^^^^^^^^^^^^^^^^^^^^^
^^^^^^^^^^^
  File "C:\Users\ale13\
AppData\Local\Python\py
thoncore-3.14-64\Lib\si
te-packages\django_redi
s\client\default.py", 
line 300, in get
    raise ConnectionInt
errupted(connection=cli
ent) from e
django_redis.exceptions
.ConnectionInterrupted:
 Redis 
ConnectionError: Error 
11001 connecting to 
redis:6379. 
getaddrinfo failed.

During handling of the 
above exception, 
another exception 
occurred:

Traceback (most recent 
call last):
  File "C:\Users\ale13\
OneDrive\Documents\mwt_
one\backend\apps\expedi
entes\tests\test_comman
ds.py", line 57, in 
test_c2_register_oc
    res = 
self.client.post(url, 
{'payload': {}}, 
format='json')
  File "C:\Users\ale13\
AppData\Local\Python\py
thoncore-3.14-64\Lib\si
te-packages\rest_framew
ork\test.py", line 
299, in post
    response = 
super().post(
        path, 
data=data, 
format=format, content_
type=content_type, 
**extra)
  File "C:\Users\ale13\
AppData\Local\Python\py
thoncore-3.14-64\Lib\si
te-packages\rest_framew
ork\test.py", line 
213, in post
    return 
self.generic('POST', 
path, data, 
content_type, **extra)
           ~~~~~~~~~~~~
^^^^^^^^^^^^^^^^^^^^^^^
^^^^^^^^^^^^^^^^^^^^
  File "C:\Users\ale13\
AppData\Local\Python\py
thoncore-3.14-64\Lib\si
te-packages\rest_framew
ork\test.py", line 
237, in generic
    return 
super().generic(
           
~~~~~~~~~~~~~~~^
        method, path, 
data, content_type, 
secure, **extra)
        ^^^^^^^^^^^^^^^
^^^^^^^^^^^^^^^^^^^^^^^
^^^^^^^^^^^^
  File "C:\Users\ale13\
AppData\Local\Python\py
thoncore-3.14-64\Lib\si
te-packages\django\test
\client.py", line 671, 
in generic
    return 
self.request(**r)
           
~~~~~~~~~~~~^^^^^
  File "C:\Users\ale13\
AppData\Local\Python\py
thoncore-3.14-64\Lib\si
te-packages\rest_framew
ork\test.py", line 
289, in request
    return super().requ
est(**kwargs)
           ~~~~~~~~~~~~
~~~^^^^^^^^^^
  File "C:\Users\ale13\
AppData\Local\Python\py
thoncore-3.14-64\Lib\si
te-packages\rest_framew
ork\test.py", line 
241, in request
    request = super().r
equest(**kwargs)
  File "C:\Users\ale13\
AppData\Local\Python\py
thoncore-3.14-64\Lib\si
te-packages\django\test
\client.py", line 
1087, in request
    self.check_exceptio
n(response)
    ~~~~~~~~~~~~~~~~~~~
~^^^^^^^^^^
  File "C:\Users\ale13\
AppData\Local\Python\py
thoncore-3.14-64\Lib\si
te-packages\django\test
\client.py", line 802, 
in check_exception
    raise exc_value
  File "C:\Users\ale13\
AppData\Local\Python\py
thoncore-3.14-64\Lib\si
te-packages\django\core
\handlers\exception.py"
, line 55, in inner
    response = 
get_response(request)
  File "C:\Users\ale13\
AppData\Local\Python\py
thoncore-3.14-64\Lib\si
te-packages\django\core
\handlers\base.py", 
line 197, in 
_get_response
    response = wrapped_
callback(request, 
*callback_args, 
**callback_kwargs)
  File "C:\Users\ale13\
AppData\Local\Python\py
thoncore-3.14-64\Lib\si
te-packages\django\view
s\decorators\csrf.py", 
line 65, in 
_view_wrapper
    return 
view_func(request, 
*args, **kwargs)
  File "C:\Users\ale13\
AppData\Local\Python\py
thoncore-3.14-64\Lib\si
te-packages\django\view
s\generic\base.py", 
line 105, in view
    return 
self.dispatch(request, 
*args, **kwargs)
           ~~~~~~~~~~~~
~^^^^^^^^^^^^^^^^^^^^^^
^^^^
  File "C:\Users\ale13\
AppData\Local\Python\py
thoncore-3.14-64\Lib\si
te-packages\rest_framew
ork\views.py", line 
515, in dispatch
    response = self.han
dle_exception(exc)
  File "C:\Users\ale13\
AppData\Local\Python\py
thoncore-3.14-64\Lib\si
te-packages\rest_framew
ork\views.py", line 
475, in 
handle_exception
    self.raise_uncaught
_exception(exc)
    ~~~~~~~~~~~~~~~~~~~
~~~~~~~~~~^^^^^
  File "C:\Users\ale13\
AppData\Local\Python\py
thoncore-3.14-64\Lib\si
te-packages\rest_framew
ork\views.py", line 
486, in raise_uncaught_
exception
    raise exc
  File "C:\Users\ale13\
AppData\Local\Python\py
thoncore-3.14-64\Lib\si
te-packages\rest_framew
ork\views.py", line 
503, in dispatch
    
self.initial(request, 
*args, **kwargs)
    ~~~~~~~~~~~~^^^^^^^
^^^^^^^^^^^^^^^^^^^
  File "C:\Users\ale13\
AppData\Local\Python\py
thoncore-3.14-64\Lib\si
te-packages\rest_framew
ork\views.py", line 
422, in initial
    self.check_throttle
s(request)
    ~~~~~~~~~~~~~~~~~~~
~^^^^^^^^^
  File "C:\Users\ale13\
AppData\Local\Python\py
thoncore-3.14-64\Lib\si
te-packages\rest_framew
ork\views.py", line 
365, in check_throttles
    if not throttle.all
ow_request(request, 
self):
           ~~~~~~~~~~~~
~~~~~~~~~~^^^^^^^^^^^^^
^^
  File "C:\Users\ale13\
AppData\Local\Python\py
thoncore-3.14-64\Lib\si
te-packages\rest_framew
ork\throttling.py", 
line 123, in 
allow_request
    self.history = self
.cache.get(self.key, 
[])
                   ~~~~
~~~~~~~~~~^^^^^^^^^^^^^
^
  File "C:\Users\ale13\
AppData\Local\Python\py
thoncore-3.14-64\Lib\si
te-packages\django_redi
s\cache.py", line 92, 
in get
    value = 
self._get(key, 
default, version, 
client)
  File "C:\Users\ale13\
AppData\Local\Python\py
thoncore-3.14-64\Lib\si
te-packages\django_redi
s\cache.py", line 36, 
in _decorator
    raise e.__cause__  
# noqa: B904
    ^^^^^^^^^^^^^^^^^
  File "C:\Users\ale13\
AppData\Local\Python\py
thoncore-3.14-64\Lib\si
te-packages\django_redi
s\client\default.py", 
line 298, in get
    value = 
client.get(key)
  File "C:\Users\ale13\
AppData\Local\Python\py
thoncore-3.14-64\Lib\si
te-packages\redis\comma
nds\core.py", line 
2069, in get
    return self.execute
_command("GET", name, 
keys=[name])
           ~~~~~~~~~~~~
~~~~~~~~^^^^^^^^^^^^^^^
^^^^^^^^^^^
  File "C:\Users\ale13\
AppData\Local\Python\py
thoncore-3.14-64\Lib\si
te-packages\redis\clien
t.py", line 716, in 
execute_command
    return self._execut
e_command(*args, 
**options)
           ~~~~~~~~~~~~
~~~~~~~~~^^^^^^^^^^^^^^
^^^^
  File "C:\Users\ale13\
AppData\Local\Python\py
thoncore-3.14-64\Lib\si
te-packages\redis\clien
t.py", line 722, in 
_execute_command
    conn = 
self.connection or 
pool.get_connection()
                       
       
~~~~~~~~~~~~~~~~~~~^^
  File "C:\Users\ale13\
AppData\Local\Python\py
thoncore-3.14-64\Lib\si
te-packages\redis\utils
.py", line 236, in 
wrapper
    return func(*args, 
**kwargs)
  File "C:\Users\ale13\
AppData\Local\Python\py
thoncore-3.14-64\Lib\si
te-packages\redis\conne
ction.py", line 2958, 
in get_connection
    
connection.connect()
    
~~~~~~~~~~~~~~~~~~^^
  File "C:\Users\ale13\
AppData\Local\Python\py
thoncore-3.14-64\Lib\si
te-packages\redis\conne
ction.py", line 976, 
in connect
    self.retry.call_wit
h_retry(
    ~~~~~~~~~~~~~~~~~~~
~~~~~~~^
Found 1 test(s).
System check identified no issues (0 silenced).
        lambda: self.co
nnect_check_health(
        ^^^^^^^^^^^^^^^
^^^^^^^^^^^^^^^^^^^
    ...<2 lines>...
        lambda error: 
self.disconnect(error),
        ^^^^^^^^^^^^^^^
^^^^^^^^^^^^^^^^^^^^^^
    )
    ^
  File "C:\Users\ale13\
AppData\Local\Python\py
thoncore-3.14-64\Lib\si
te-packages\redis\retry
.py", line 132, in 
call_with_retry
    raise error
  File "C:\Users\ale13\
AppData\Local\Python\py
thoncore-3.14-64\Lib\si
te-packages\redis\retry
.py", line 120, in 
call_with_retry
    return do()
  File "C:\Users\ale13\
AppData\Local\Python\py
thoncore-3.14-64\Lib\si
te-packages\redis\conne
ction.py", line 977, 
in <lambda>
    lambda: self.connec
t_check_health(
            ~~~~~~~~~~~
~~~~~~~~~~~~~~^
        
check_health=True, retr
y_socket_connect=False
        ^^^^^^^^^^^^^^^
^^^^^^^^^^^^^^^^^^^^^^^
^^^^^^^
    ),
    ^
  File "C:\Users\ale13\
AppData\Local\Python\py
thoncore-3.14-64\Lib\si
te-packages\redis\conne
ction.py", line 1022, 
in connect_check_health
    raise e
redis.exceptions.Connec
tionError: Error 11001 
connecting to 
redis:6379. 
getaddrinfo failed.

-----------------------
-----------------------
-----------------------
-
Ran 1 test in 2.777s

FAILED (errors=1)
Destroying test 
database for alias 
'default'...

